main.c:96:6:driveMotor_speed	56	static
main.c:135:9:getChannel	16	static
main.c:148:7:getVolume	8	static
main.c:170:9:printf_cdc	16	static
main.c:186:6:LED_blink	8	static
main.c:237:6:HAL_TIM_PeriodElapsedCallback	16	static
main.c:256:5:main	40	static
main.c:355:6:SystemClock_Config	184	static
main.c:417:13:MX_ADC1_Init	24	static
main.c:467:13:MX_CAN1_Init	8	static
main.c:504:13:MX_TIM1_Init	32	static
main.c:550:13:MX_USART2_UART_Init	8	static
main.c:583:13:MX_GPIO_Init	40	static
main.c:622:6:Error_Handler	4	static
